<?xml version="1.0"?>
<link_info>
   <banner>MSP430 Linker PC v4.2.1</banner>
   <copyright>Copyright (c) 2003-2013 Texas Instruments Incorporated</copyright>
   <link_time>0x5526121e</link_time>
   <link_errors>0x0</link_errors>
   <output_file>temperature.out</output_file>
   <entry_point>
      <name>_c_int00</name>
      <address>0xc560</address>
   </entry_point>
   <input_file_list>
      <input_file id="fl-2">
         <path>.\</path>
         <kind>object</kind>
         <file>Temperature_Sense_Demo.obj</file>
         <name>Temperature_Sense_Demo.obj</name>
      </input_file>
      <input_file id="fl-1c">
         <path>D:\Program Files (x86)\ti\ccsv5\tools\compiler\msp430_4.2.1\lib\</path>
         <kind>archive</kind>
         <file>rts430_eabi.lib</file>
         <name>asr32.obj</name>
      </input_file>
      <input_file id="fl-1d">
         <path>D:\Program Files (x86)\ti\ccsv5\tools\compiler\msp430_4.2.1\lib\</path>
         <kind>archive</kind>
         <file>rts430_eabi.lib</file>
         <name>boot.obj</name>
      </input_file>
      <input_file id="fl-1e">
         <path>D:\Program Files (x86)\ti\ccsv5\tools\compiler\msp430_4.2.1\lib\</path>
         <kind>archive</kind>
         <file>rts430_eabi.lib</file>
         <name>copy_decompress_none.obj</name>
      </input_file>
      <input_file id="fl-1f">
         <path>D:\Program Files (x86)\ti\ccsv5\tools\compiler\msp430_4.2.1\lib\</path>
         <kind>archive</kind>
         <file>rts430_eabi.lib</file>
         <name>copy_decompress_rle.obj</name>
      </input_file>
      <input_file id="fl-20">
         <path>D:\Program Files (x86)\ti\ccsv5\tools\compiler\msp430_4.2.1\lib\</path>
         <kind>archive</kind>
         <file>rts430_eabi.lib</file>
         <name>copy_zero_init.obj</name>
      </input_file>
      <input_file id="fl-21">
         <path>D:\Program Files (x86)\ti\ccsv5\tools\compiler\msp430_4.2.1\lib\</path>
         <kind>archive</kind>
         <file>rts430_eabi.lib</file>
         <name>div32s.obj</name>
      </input_file>
      <input_file id="fl-22">
         <path>D:\Program Files (x86)\ti\ccsv5\tools\compiler\msp430_4.2.1\lib\</path>
         <kind>archive</kind>
         <file>rts430_eabi.lib</file>
         <name>div32u.obj</name>
      </input_file>
      <input_file id="fl-23">
         <path>D:\Program Files (x86)\ti\ccsv5\tools\compiler\msp430_4.2.1\lib\</path>
         <kind>archive</kind>
         <file>rts430_eabi.lib</file>
         <name>epilog.obj</name>
      </input_file>
      <input_file id="fl-24">
         <path>D:\Program Files (x86)\ti\ccsv5\tools\compiler\msp430_4.2.1\lib\</path>
         <kind>archive</kind>
         <file>rts430_eabi.lib</file>
         <name>exit.obj</name>
      </input_file>
      <input_file id="fl-25">
         <path>D:\Program Files (x86)\ti\ccsv5\tools\compiler\msp430_4.2.1\lib\</path>
         <kind>archive</kind>
         <file>rts430_eabi.lib</file>
         <name>int02.obj</name>
      </input_file>
      <input_file id="fl-26">
         <path>D:\Program Files (x86)\ti\ccsv5\tools\compiler\msp430_4.2.1\lib\</path>
         <kind>archive</kind>
         <file>rts430_eabi.lib</file>
         <name>int06.obj</name>
      </input_file>
      <input_file id="fl-27">
         <path>D:\Program Files (x86)\ti\ccsv5\tools\compiler\msp430_4.2.1\lib\</path>
         <kind>archive</kind>
         <file>rts430_eabi.lib</file>
         <name>int07.obj</name>
      </input_file>
      <input_file id="fl-28">
         <path>D:\Program Files (x86)\ti\ccsv5\tools\compiler\msp430_4.2.1\lib\</path>
         <kind>archive</kind>
         <file>rts430_eabi.lib</file>
         <name>int11.obj</name>
      </input_file>
      <input_file id="fl-29">
         <path>D:\Program Files (x86)\ti\ccsv5\tools\compiler\msp430_4.2.1\lib\</path>
         <kind>archive</kind>
         <file>rts430_eabi.lib</file>
         <name>int12.obj</name>
      </input_file>
      <input_file id="fl-2a">
         <path>D:\Program Files (x86)\ti\ccsv5\tools\compiler\msp430_4.2.1\lib\</path>
         <kind>archive</kind>
         <file>rts430_eabi.lib</file>
         <name>int13.obj</name>
      </input_file>
      <input_file id="fl-2b">
         <path>D:\Program Files (x86)\ti\ccsv5\tools\compiler\msp430_4.2.1\lib\</path>
         <kind>archive</kind>
         <file>rts430_eabi.lib</file>
         <name>int14.obj</name>
      </input_file>
      <input_file id="fl-2c">
         <path>D:\Program Files (x86)\ti\ccsv5\tools\compiler\msp430_4.2.1\lib\</path>
         <kind>archive</kind>
         <file>rts430_eabi.lib</file>
         <name>isr_trap.obj</name>
      </input_file>
      <input_file id="fl-2d">
         <path>D:\Program Files (x86)\ti\ccsv5\tools\compiler\msp430_4.2.1\lib\</path>
         <kind>archive</kind>
         <file>rts430_eabi.lib</file>
         <name>lsl32.obj</name>
      </input_file>
      <input_file id="fl-2e">
         <path>D:\Program Files (x86)\ti\ccsv5\tools\compiler\msp430_4.2.1\lib\</path>
         <kind>archive</kind>
         <file>rts430_eabi.lib</file>
         <name>memcpy.obj</name>
      </input_file>
      <input_file id="fl-2f">
         <path>D:\Program Files (x86)\ti\ccsv5\tools\compiler\msp430_4.2.1\lib\</path>
         <kind>archive</kind>
         <file>rts430_eabi.lib</file>
         <name>mult32.obj</name>
      </input_file>
      <input_file id="fl-30">
         <path>D:\Program Files (x86)\ti\ccsv5\tools\compiler\msp430_4.2.1\lib\</path>
         <kind>archive</kind>
         <file>rts430_eabi.lib</file>
         <name>pre_init.obj</name>
      </input_file>
      <input_file id="fl-31">
         <path>D:\Program Files (x86)\ti\ccsv5\tools\compiler\msp430_4.2.1\lib\</path>
         <kind>archive</kind>
         <file>rts430_eabi.lib</file>
         <name>_lock.obj</name>
      </input_file>
      <input_file id="fl-32">
         <path>D:\Program Files (x86)\ti\ccsv5\tools\compiler\msp430_4.2.1\lib\</path>
         <kind>archive</kind>
         <file>rts430_eabi.lib</file>
         <name>args_main.obj</name>
      </input_file>
      <input_file id="fl-33">
         <path>D:\Program Files (x86)\ti\ccsv5\tools\compiler\msp430_4.2.1\lib\</path>
         <kind>archive</kind>
         <file>rts430_eabi.lib</file>
         <name>autoinit.obj</name>
      </input_file>
   </input_file_list>
   <object_component_list>
      <object_component id="oc-4e">
         <name>.stack</name>
         <uninitialized>true</uninitialized>
         <run_address>0x3b0</run_address>
         <size>0x2</size>
         <input_file_ref idref="fl-1d"/>
      </object_component>
      <object_component id="oc-198">
         <name>.stack</name>
         <uninitialized>true</uninitialized>
         <run_address>0x3b0</run_address>
         <size>0x0</size>
      </object_component>
      <object_component id="oc-78">
         <name>.text:main</name>
         <load_address>0xc000</load_address>
         <run_address>0xc000</run_address>
         <size>0x1ac</size>
         <input_file_ref idref="fl-2"/>
      </object_component>
      <object_component id="oc-96">
         <name>.text:__TI_decompress_rle_core</name>
         <load_address>0xc1ac</load_address>
         <run_address>0xc1ac</run_address>
         <size>0x5e</size>
         <input_file_ref idref="fl-1f"/>
      </object_component>
      <object_component id="oc-73">
         <name>.text:_auto_init</name>
         <load_address>0xc20a</load_address>
         <run_address>0xc20a</run_address>
         <size>0x5e</size>
         <input_file_ref idref="fl-33"/>
      </object_component>
      <object_component id="oc-64">
         <name>.text:Timer_A</name>
         <load_address>0xc268</load_address>
         <run_address>0xc268</run_address>
         <size>0x5c</size>
         <input_file_ref idref="fl-2"/>
      </object_component>
      <object_component id="oc-d5">
         <name>.text:ConfigureAdcTempSensor</name>
         <load_address>0xc2c4</load_address>
         <run_address>0xc2c4</run_address>
         <size>0x58</size>
         <input_file_ref idref="fl-2"/>
      </object_component>
      <object_component id="oc-156">
         <name>.text</name>
         <load_address>0xc31c</load_address>
         <run_address>0xc31c</run_address>
         <size>0x58</size>
         <input_file_ref idref="fl-22"/>
      </object_component>
      <object_component id="oc-f5">
         <name>.text:Transmit</name>
         <load_address>0xc374</load_address>
         <run_address>0xc374</run_address>
         <size>0x40</size>
         <input_file_ref idref="fl-2"/>
      </object_component>
      <object_component id="oc-100">
         <name>.text</name>
         <load_address>0xc3b4</load_address>
         <run_address>0xc3b4</run_address>
         <size>0x40</size>
         <input_file_ref idref="fl-21"/>
      </object_component>
      <object_component id="oc-e9">
         <name>.text:l_asr_const</name>
         <load_address>0xc3f4</load_address>
         <run_address>0xc3f4</run_address>
         <size>0x3e</size>
         <input_file_ref idref="fl-1c"/>
      </object_component>
      <object_component id="oc-115">
         <name>.text:l_lsl_const</name>
         <load_address>0xc432</load_address>
         <run_address>0xc432</run_address>
         <size>0x3e</size>
         <input_file_ref idref="fl-2d"/>
      </object_component>
      <object_component id="oc-55">
         <name>.text:PORT2_ISR</name>
         <load_address>0xc470</load_address>
         <run_address>0xc470</run_address>
         <size>0x3a</size>
         <input_file_ref idref="fl-2"/>
      </object_component>
      <object_component id="oc-d0">
         <name>.text:PreApplicationMode</name>
         <load_address>0xc4aa</load_address>
         <run_address>0xc4aa</run_address>
         <size>0x3a</size>
         <input_file_ref idref="fl-2"/>
      </object_component>
      <object_component id="oc-fc">
         <name>.text</name>
         <load_address>0xc4e4</load_address>
         <run_address>0xc4e4</run_address>
         <size>0x26</size>
         <input_file_ref idref="fl-2f"/>
      </object_component>
      <object_component id="oc-da">
         <name>.text:ConfigureTimerPwm</name>
         <load_address>0xc50a</load_address>
         <run_address>0xc50a</run_address>
         <size>0x22</size>
         <input_file_ref idref="fl-2"/>
      </object_component>
      <object_component id="oc-ef">
         <name>.text:ConfigureTimerUart</name>
         <load_address>0xc52c</load_address>
         <run_address>0xc52c</run_address>
         <size>0x1a</size>
         <input_file_ref idref="fl-2"/>
      </object_component>
      <object_component id="oc-c6">
         <name>.text:InitializeButton</name>
         <load_address>0xc546</load_address>
         <run_address>0xc546</run_address>
         <size>0x1a</size>
         <input_file_ref idref="fl-2"/>
      </object_component>
      <object_component id="oc-3a">
         <name>.text:_c_int00_noexit</name>
         <load_address>0xc560</load_address>
         <run_address>0xc560</run_address>
         <size>0x1a</size>
         <input_file_ref idref="fl-1d"/>
      </object_component>
      <object_component id="oc-5f">
         <name>.text:ta1_isr</name>
         <load_address>0xc57a</load_address>
         <run_address>0xc57a</run_address>
         <size>0x1a</size>
         <input_file_ref idref="fl-2"/>
      </object_component>
      <object_component id="oc-c1">
         <name>.text:InitializeClocks</name>
         <load_address>0xc594</load_address>
         <run_address>0xc594</run_address>
         <size>0x14</size>
         <input_file_ref idref="fl-2"/>
      </object_component>
      <object_component id="oc-69">
         <name>.text:WDT_ISR</name>
         <load_address>0xc5a8</load_address>
         <run_address>0xc5a8</run_address>
         <size>0x14</size>
         <input_file_ref idref="fl-2"/>
      </object_component>
      <object_component id="oc-44">
         <name>.text:decompress:ZI:__TI_zero_init</name>
         <load_address>0xc5bc</load_address>
         <run_address>0xc5bc</run_address>
         <size>0x14</size>
         <input_file_ref idref="fl-20"/>
      </object_component>
      <object_component id="oc-3f">
         <name>.text:decompress:none:__TI_decompress_none</name>
         <load_address>0xc5d0</load_address>
         <run_address>0xc5d0</run_address>
         <size>0x12</size>
         <input_file_ref idref="fl-1e"/>
      </object_component>
      <object_component id="oc-83">
         <name>.text:memcpy</name>
         <load_address>0xc5e2</load_address>
         <run_address>0xc5e2</run_address>
         <size>0x12</size>
         <input_file_ref idref="fl-2e"/>
      </object_component>
      <object_component id="oc-bb">
         <name>.text</name>
         <load_address>0xc5f4</load_address>
         <run_address>0xc5f4</run_address>
         <size>0x10</size>
         <input_file_ref idref="fl-23"/>
      </object_component>
      <object_component id="oc-cb">
         <name>.text:InitializeLeds</name>
         <load_address>0xc604</load_address>
         <run_address>0xc604</run_address>
         <size>0xe</size>
         <input_file_ref idref="fl-2"/>
      </object_component>
      <object_component id="oc-5a">
         <name>.text:ADC10_ISR</name>
         <load_address>0xc612</load_address>
         <run_address>0xc612</run_address>
         <size>0x8</size>
         <input_file_ref idref="fl-2"/>
      </object_component>
      <object_component id="oc-51">
         <name>.text:__TI_ISR_TRAP</name>
         <load_address>0xc61a</load_address>
         <run_address>0xc61a</run_address>
         <size>0x6</size>
         <input_file_ref idref="fl-2c"/>
      </object_component>
      <object_component id="oc-49">
         <name>.text:decompress:rle24:__TI_decompress_rle24</name>
         <load_address>0xc620</load_address>
         <run_address>0xc620</run_address>
         <size>0x6</size>
         <input_file_ref idref="fl-1f"/>
      </object_component>
      <object_component id="oc-6e">
         <name>.text:_system_pre_init</name>
         <load_address>0xc626</load_address>
         <run_address>0xc626</run_address>
         <size>0x4</size>
         <input_file_ref idref="fl-30"/>
      </object_component>
      <object_component id="oc-7d">
         <name>.text:abort</name>
         <load_address>0xc62a</load_address>
         <run_address>0xc62a</run_address>
         <size>0x4</size>
         <input_file_ref idref="fl-24"/>
      </object_component>
      <object_component id="oc-197">
         <name>.cinit..data.load</name>
         <load_address>0xc62e</load_address>
         <run_address>0xc62e</run_address>
         <size>0x9</size>
      </object_component>
      <object_component id="oc-194">
         <name>__TI_handler_table</name>
         <load_address>0xc638</load_address>
         <run_address>0xc638</run_address>
         <size>0x6</size>
      </object_component>
      <object_component id="oc-196">
         <name>.cinit..bss.load</name>
         <load_address>0xc63e</load_address>
         <run_address>0xc63e</run_address>
         <size>0x4</size>
      </object_component>
      <object_component id="oc-195">
         <name>__TI_cinit_table</name>
         <load_address>0xc642</load_address>
         <run_address>0xc642</run_address>
         <size>0x8</size>
      </object_component>
      <object_component id="oc-2e">
         <name>.int02</name>
         <load_address>0xffe4</load_address>
         <run_address>0xffe4</run_address>
         <size>0x2</size>
         <input_file_ref idref="fl-25"/>
      </object_component>
      <object_component id="oc-2f">
         <name>.int03</name>
         <load_address>0xffe6</load_address>
         <run_address>0xffe6</run_address>
         <size>0x2</size>
         <input_file_ref idref="fl-2"/>
      </object_component>
      <object_component id="oc-30">
         <name>.int05</name>
         <load_address>0xffea</load_address>
         <run_address>0xffea</run_address>
         <size>0x2</size>
         <input_file_ref idref="fl-2"/>
      </object_component>
      <object_component id="oc-31">
         <name>.int06</name>
         <load_address>0xffec</load_address>
         <run_address>0xffec</run_address>
         <size>0x2</size>
         <input_file_ref idref="fl-26"/>
      </object_component>
      <object_component id="oc-32">
         <name>.int07</name>
         <load_address>0xffee</load_address>
         <run_address>0xffee</run_address>
         <size>0x2</size>
         <input_file_ref idref="fl-27"/>
      </object_component>
      <object_component id="oc-33">
         <name>.int08</name>
         <load_address>0xfff0</load_address>
         <run_address>0xfff0</run_address>
         <size>0x2</size>
         <input_file_ref idref="fl-2"/>
      </object_component>
      <object_component id="oc-34">
         <name>.int09</name>
         <load_address>0xfff2</load_address>
         <run_address>0xfff2</run_address>
         <size>0x2</size>
         <input_file_ref idref="fl-2"/>
      </object_component>
      <object_component id="oc-35">
         <name>.int10</name>
         <load_address>0xfff4</load_address>
         <run_address>0xfff4</run_address>
         <size>0x2</size>
         <input_file_ref idref="fl-2"/>
      </object_component>
      <object_component id="oc-36">
         <name>.int11</name>
         <load_address>0xfff6</load_address>
         <run_address>0xfff6</run_address>
         <size>0x2</size>
         <input_file_ref idref="fl-28"/>
      </object_component>
      <object_component id="oc-37">
         <name>.int12</name>
         <load_address>0xfff8</load_address>
         <run_address>0xfff8</run_address>
         <size>0x2</size>
         <input_file_ref idref="fl-29"/>
      </object_component>
      <object_component id="oc-38">
         <name>.int13</name>
         <load_address>0xfffa</load_address>
         <run_address>0xfffa</run_address>
         <size>0x2</size>
         <input_file_ref idref="fl-2a"/>
      </object_component>
      <object_component id="oc-39">
         <name>.int14</name>
         <load_address>0xfffc</load_address>
         <run_address>0xfffc</run_address>
         <size>0x2</size>
         <input_file_ref idref="fl-2b"/>
      </object_component>
      <object_component id="oc-50">
         <name>.reset</name>
         <load_address>0xfffe</load_address>
         <run_address>0xfffe</run_address>
         <size>0x2</size>
         <input_file_ref idref="fl-1d"/>
      </object_component>
      <object_component id="oc-151">
         <name>.common:BitCnt</name>
         <uninitialized>true</uninitialized>
         <run_address>0x22e</run_address>
         <size>0x1</size>
      </object_component>
      <object_component id="oc-153">
         <name>.common:TXByte</name>
         <uninitialized>true</uninitialized>
         <run_address>0x22c</run_address>
         <size>0x2</size>
      </object_component>
      <object_component id="oc-148">
         <name>.common:tempMeasured</name>
         <uninitialized>true</uninitialized>
         <run_address>0x200</run_address>
         <size>0x20</size>
      </object_component>
      <object_component id="oc-14c">
         <name>.common:tempAverage</name>
         <uninitialized>true</uninitialized>
         <run_address>0x220</run_address>
         <size>0x4</size>
      </object_component>
      <object_component id="oc-14b">
         <name>.common:tempCalibrated</name>
         <uninitialized>true</uninitialized>
         <run_address>0x224</run_address>
         <size>0x4</size>
      </object_component>
      <object_component id="oc-11d">
         <name>.common:tempDifference</name>
         <uninitialized>true</uninitialized>
         <run_address>0x228</run_address>
         <size>0x4</size>
      </object_component>
      <object_component id="oc-aa">
         <name>.data</name>
         <load_address>0x22f</load_address>
         <run_address>0x22f</run_address>
         <size>0x5</size>
         <input_file_ref idref="fl-2"/>
      </object_component>
      <object_component id="oc-3b">
         <name>.debug_info</name>
         <load_address>0x0</load_address>
         <run_address>0x0</run_address>
         <size>0x125</size>
         <input_file_ref idref="fl-1d"/>
      </object_component>
      <object_component id="oc-40">
         <name>.debug_info</name>
         <load_address>0x125</load_address>
         <run_address>0x125</run_address>
         <size>0x194</size>
         <input_file_ref idref="fl-1e"/>
      </object_component>
      <object_component id="oc-45">
         <name>.debug_info</name>
         <load_address>0x2b9</load_address>
         <run_address>0x2b9</run_address>
         <size>0x16a</size>
         <input_file_ref idref="fl-20"/>
      </object_component>
      <object_component id="oc-4a">
         <name>.debug_info</name>
         <load_address>0x423</load_address>
         <run_address>0x423</run_address>
         <size>0x18e</size>
         <input_file_ref idref="fl-1f"/>
      </object_component>
      <object_component id="oc-4f">
         <name>.debug_info</name>
         <load_address>0x5b1</load_address>
         <run_address>0x5b1</run_address>
         <size>0xaa</size>
         <input_file_ref idref="fl-1d"/>
      </object_component>
      <object_component id="oc-52">
         <name>.debug_info</name>
         <load_address>0x65b</load_address>
         <run_address>0x65b</run_address>
         <size>0xc2</size>
         <input_file_ref idref="fl-2c"/>
      </object_component>
      <object_component id="oc-56">
         <name>.debug_info</name>
         <load_address>0x71d</load_address>
         <run_address>0x71d</run_address>
         <size>0x11f</size>
         <input_file_ref idref="fl-2"/>
      </object_component>
      <object_component id="oc-5b">
         <name>.debug_info</name>
         <load_address>0x83c</load_address>
         <run_address>0x83c</run_address>
         <size>0x11f</size>
         <input_file_ref idref="fl-2"/>
      </object_component>
      <object_component id="oc-60">
         <name>.debug_info</name>
         <load_address>0x95b</load_address>
         <run_address>0x95b</run_address>
         <size>0x11b</size>
         <input_file_ref idref="fl-2"/>
      </object_component>
      <object_component id="oc-65">
         <name>.debug_info</name>
         <load_address>0xa76</load_address>
         <run_address>0xa76</run_address>
         <size>0x119</size>
         <input_file_ref idref="fl-2"/>
      </object_component>
      <object_component id="oc-6a">
         <name>.debug_info</name>
         <load_address>0xb8f</load_address>
         <run_address>0xb8f</run_address>
         <size>0x11b</size>
         <input_file_ref idref="fl-2"/>
      </object_component>
      <object_component id="oc-6f">
         <name>.debug_info</name>
         <load_address>0xcaa</load_address>
         <run_address>0xcaa</run_address>
         <size>0xfd</size>
         <input_file_ref idref="fl-30"/>
      </object_component>
      <object_component id="oc-74">
         <name>.debug_info</name>
         <load_address>0xda7</load_address>
         <run_address>0xda7</run_address>
         <size>0x14d</size>
         <input_file_ref idref="fl-33"/>
      </object_component>
      <object_component id="oc-79">
         <name>.debug_info</name>
         <load_address>0xef4</load_address>
         <run_address>0xef4</run_address>
         <size>0x272</size>
         <input_file_ref idref="fl-2"/>
      </object_component>
      <object_component id="oc-7e">
         <name>.debug_info</name>
         <load_address>0x1166</load_address>
         <run_address>0x1166</run_address>
         <size>0xcc</size>
         <input_file_ref idref="fl-24"/>
      </object_component>
      <object_component id="oc-84">
         <name>.debug_info</name>
         <load_address>0x1232</load_address>
         <run_address>0x1232</run_address>
         <size>0x157</size>
         <input_file_ref idref="fl-2e"/>
      </object_component>
      <object_component id="oc-89">
         <name>.debug_info</name>
         <load_address>0x1389</load_address>
         <run_address>0x1389</run_address>
         <size>0x46</size>
         <input_file_ref idref="fl-1e"/>
      </object_component>
      <object_component id="oc-8e">
         <name>.debug_info</name>
         <load_address>0x13cf</load_address>
         <run_address>0x13cf</run_address>
         <size>0x164</size>
         <input_file_ref idref="fl-1e"/>
      </object_component>
      <object_component id="oc-90">
         <name>.debug_info</name>
         <load_address>0x1533</load_address>
         <run_address>0x1533</run_address>
         <size>0x46</size>
         <input_file_ref idref="fl-20"/>
      </object_component>
      <object_component id="oc-95">
         <name>.debug_info</name>
         <load_address>0x1579</load_address>
         <run_address>0x1579</run_address>
         <size>0x11f</size>
         <input_file_ref idref="fl-20"/>
      </object_component>
      <object_component id="oc-97">
         <name>.debug_info</name>
         <load_address>0x1698</load_address>
         <run_address>0x1698</run_address>
         <size>0x1e9</size>
         <input_file_ref idref="fl-1f"/>
      </object_component>
      <object_component id="oc-9c">
         <name>.debug_info</name>
         <load_address>0x1881</load_address>
         <run_address>0x1881</run_address>
         <size>0x129</size>
         <input_file_ref idref="fl-1f"/>
      </object_component>
      <object_component id="oc-9d">
         <name>.debug_info</name>
         <load_address>0x19aa</load_address>
         <run_address>0x19aa</run_address>
         <size>0x39</size>
         <input_file_ref idref="fl-1f"/>
      </object_component>
      <object_component id="oc-a4">
         <name>.debug_info</name>
         <load_address>0x19e3</load_address>
         <run_address>0x19e3</run_address>
         <size>0x84</size>
         <input_file_ref idref="fl-2"/>
      </object_component>
      <object_component id="oc-ab">
         <name>.debug_info</name>
         <load_address>0x1a67</load_address>
         <run_address>0x1a67</run_address>
         <size>0x18d</size>
         <input_file_ref idref="fl-2"/>
      </object_component>
      <object_component id="oc-ad">
         <name>.debug_info</name>
         <load_address>0x1bf4</load_address>
         <run_address>0x1bf4</run_address>
         <size>0x5be</size>
         <input_file_ref idref="fl-2"/>
      </object_component>
      <object_component id="oc-bc">
         <name>.debug_info</name>
         <load_address>0x21b2</load_address>
         <run_address>0x21b2</run_address>
         <size>0xe1</size>
         <input_file_ref idref="fl-23"/>
      </object_component>
      <object_component id="oc-c0">
         <name>.debug_info</name>
         <load_address>0x2293</load_address>
         <run_address>0x2293</run_address>
         <size>0x2ba</size>
         <input_file_ref idref="fl-33"/>
      </object_component>
      <object_component id="oc-c2">
         <name>.debug_info</name>
         <load_address>0x254d</load_address>
         <run_address>0x254d</run_address>
         <size>0x12c</size>
         <input_file_ref idref="fl-2"/>
      </object_component>
      <object_component id="oc-c7">
         <name>.debug_info</name>
         <load_address>0x2679</load_address>
         <run_address>0x2679</run_address>
         <size>0x12c</size>
         <input_file_ref idref="fl-2"/>
      </object_component>
      <object_component id="oc-cc">
         <name>.debug_info</name>
         <load_address>0x27a5</load_address>
         <run_address>0x27a5</run_address>
         <size>0x128</size>
         <input_file_ref idref="fl-2"/>
      </object_component>
      <object_component id="oc-d1">
         <name>.debug_info</name>
         <load_address>0x28cd</load_address>
         <run_address>0x28cd</run_address>
         <size>0x12d</size>
         <input_file_ref idref="fl-2"/>
      </object_component>
      <object_component id="oc-d6">
         <name>.debug_info</name>
         <load_address>0x29fa</load_address>
         <run_address>0x29fa</run_address>
         <size>0x140</size>
         <input_file_ref idref="fl-2"/>
      </object_component>
      <object_component id="oc-db">
         <name>.debug_info</name>
         <load_address>0x2b3a</load_address>
         <run_address>0x2b3a</run_address>
         <size>0x12b</size>
         <input_file_ref idref="fl-2"/>
      </object_component>
      <object_component id="oc-ea">
         <name>.debug_info</name>
         <load_address>0x2c65</load_address>
         <run_address>0x2c65</run_address>
         <size>0xd9</size>
         <input_file_ref idref="fl-1c"/>
      </object_component>
      <object_component id="oc-f0">
         <name>.debug_info</name>
         <load_address>0x2d3e</load_address>
         <run_address>0x2d3e</run_address>
         <size>0x12d</size>
         <input_file_ref idref="fl-2"/>
      </object_component>
      <object_component id="oc-f6">
         <name>.debug_info</name>
         <load_address>0x2e6b</load_address>
         <run_address>0x2e6b</run_address>
         <size>0x119</size>
         <input_file_ref idref="fl-2"/>
      </object_component>
      <object_component id="oc-fd">
         <name>.debug_info</name>
         <load_address>0x2f84</load_address>
         <run_address>0x2f84</run_address>
         <size>0xd4</size>
         <input_file_ref idref="fl-2f"/>
      </object_component>
      <object_component id="oc-101">
         <name>.debug_info</name>
         <load_address>0x3058</load_address>
         <run_address>0x3058</run_address>
         <size>0xeb</size>
         <input_file_ref idref="fl-21"/>
      </object_component>
      <object_component id="oc-116">
         <name>.debug_info</name>
         <load_address>0x3143</load_address>
         <run_address>0x3143</run_address>
         <size>0xd9</size>
         <input_file_ref idref="fl-2d"/>
      </object_component>
      <object_component id="oc-121">
         <name>.debug_info</name>
         <load_address>0x321c</load_address>
         <run_address>0x321c</run_address>
         <size>0x127</size>
         <input_file_ref idref="fl-2e"/>
      </object_component>
      <object_component id="oc-122">
         <name>.debug_info</name>
         <load_address>0x3343</load_address>
         <run_address>0x3343</run_address>
         <size>0x2c</size>
         <input_file_ref idref="fl-20"/>
      </object_component>
      <object_component id="oc-127">
         <name>.debug_info</name>
         <load_address>0x336f</load_address>
         <run_address>0x336f</run_address>
         <size>0x2c</size>
         <input_file_ref idref="fl-1e"/>
      </object_component>
      <object_component id="oc-13a">
         <name>.debug_info</name>
         <load_address>0x339b</load_address>
         <run_address>0x339b</run_address>
         <size>0x39</size>
         <input_file_ref idref="fl-33"/>
      </object_component>
      <object_component id="oc-158">
         <name>.debug_info</name>
         <load_address>0x33d4</load_address>
         <run_address>0x33d4</run_address>
         <size>0xd6</size>
         <input_file_ref idref="fl-22"/>
      </object_component>
      <object_component id="oc-199">
         <name>.debug_info</name>
         <load_address>0x34aa</load_address>
         <run_address>0x34aa</run_address>
         <size>0x8f</size>
      </object_component>
      <object_component id="oc-3c">
         <name>.debug_line</name>
         <load_address>0x0</load_address>
         <run_address>0x0</run_address>
         <size>0x44</size>
         <input_file_ref idref="fl-1d"/>
      </object_component>
      <object_component id="oc-41">
         <name>.debug_line</name>
         <load_address>0x44</load_address>
         <run_address>0x44</run_address>
         <size>0x50</size>
         <input_file_ref idref="fl-1e"/>
      </object_component>
      <object_component id="oc-46">
         <name>.debug_line</name>
         <load_address>0x94</load_address>
         <run_address>0x94</run_address>
         <size>0x4a</size>
         <input_file_ref idref="fl-20"/>
      </object_component>
      <object_component id="oc-4b">
         <name>.debug_line</name>
         <load_address>0xde</load_address>
         <run_address>0xde</run_address>
         <size>0x49</size>
         <input_file_ref idref="fl-1f"/>
      </object_component>
      <object_component id="oc-53">
         <name>.debug_line</name>
         <load_address>0x127</load_address>
         <run_address>0x127</run_address>
         <size>0x3c</size>
         <input_file_ref idref="fl-2c"/>
      </object_component>
      <object_component id="oc-57">
         <name>.debug_line</name>
         <load_address>0x163</load_address>
         <run_address>0x163</run_address>
         <size>0x60</size>
         <input_file_ref idref="fl-2"/>
      </object_component>
      <object_component id="oc-5c">
         <name>.debug_line</name>
         <load_address>0x1c3</load_address>
         <run_address>0x1c3</run_address>
         <size>0x55</size>
         <input_file_ref idref="fl-2"/>
      </object_component>
      <object_component id="oc-61">
         <name>.debug_line</name>
         <load_address>0x218</load_address>
         <run_address>0x218</run_address>
         <size>0x5a</size>
         <input_file_ref idref="fl-2"/>
      </object_component>
      <object_component id="oc-66">
         <name>.debug_line</name>
         <load_address>0x272</load_address>
         <run_address>0x272</run_address>
         <size>0x71</size>
         <input_file_ref idref="fl-2"/>
      </object_component>
      <object_component id="oc-6b">
         <name>.debug_line</name>
         <load_address>0x2e3</load_address>
         <run_address>0x2e3</run_address>
         <size>0x58</size>
         <input_file_ref idref="fl-2"/>
      </object_component>
      <object_component id="oc-70">
         <name>.debug_line</name>
         <load_address>0x33b</load_address>
         <run_address>0x33b</run_address>
         <size>0x3e</size>
         <input_file_ref idref="fl-30"/>
      </object_component>
      <object_component id="oc-75">
         <name>.debug_line</name>
         <load_address>0x379</load_address>
         <run_address>0x379</run_address>
         <size>0x6b</size>
         <input_file_ref idref="fl-33"/>
      </object_component>
      <object_component id="oc-7a">
         <name>.debug_line</name>
         <load_address>0x3e4</load_address>
         <run_address>0x3e4</run_address>
         <size>0xb0</size>
         <input_file_ref idref="fl-2"/>
      </object_component>
      <object_component id="oc-7f">
         <name>.debug_line</name>
         <load_address>0x494</load_address>
         <run_address>0x494</run_address>
         <size>0x3a</size>
         <input_file_ref idref="fl-24"/>
      </object_component>
      <object_component id="oc-85">
         <name>.debug_line</name>
         <load_address>0x4ce</load_address>
         <run_address>0x4ce</run_address>
         <size>0x45</size>
         <input_file_ref idref="fl-2e"/>
      </object_component>
      <object_component id="oc-8b">
         <name>.debug_line</name>
         <load_address>0x513</load_address>
         <run_address>0x513</run_address>
         <size>0x3a</size>
         <input_file_ref idref="fl-1e"/>
      </object_component>
      <object_component id="oc-92">
         <name>.debug_line</name>
         <load_address>0x54d</load_address>
         <run_address>0x54d</run_address>
         <size>0x34</size>
         <input_file_ref idref="fl-20"/>
      </object_component>
      <object_component id="oc-98">
         <name>.debug_line</name>
         <load_address>0x581</load_address>
         <run_address>0x581</run_address>
         <size>0x80</size>
         <input_file_ref idref="fl-1f"/>
      </object_component>
      <object_component id="oc-9f">
         <name>.debug_line</name>
         <load_address>0x601</load_address>
         <run_address>0x601</run_address>
         <size>0x39</size>
         <input_file_ref idref="fl-1f"/>
      </object_component>
      <object_component id="oc-a3">
         <name>.debug_line</name>
         <load_address>0x63a</load_address>
         <run_address>0x63a</run_address>
         <size>0x2a</size>
         <input_file_ref idref="fl-1d"/>
      </object_component>
      <object_component id="oc-a6">
         <name>.debug_line</name>
         <load_address>0x664</load_address>
         <run_address>0x664</run_address>
         <size>0x20</size>
         <input_file_ref idref="fl-2"/>
      </object_component>
      <object_component id="oc-bd">
         <name>.debug_line</name>
         <load_address>0x684</load_address>
         <run_address>0x684</run_address>
         <size>0x40</size>
         <input_file_ref idref="fl-23"/>
      </object_component>
      <object_component id="oc-c3">
         <name>.debug_line</name>
         <load_address>0x6c4</load_address>
         <run_address>0x6c4</run_address>
         <size>0x57</size>
         <input_file_ref idref="fl-2"/>
      </object_component>
      <object_component id="oc-c8">
         <name>.debug_line</name>
         <load_address>0x71b</load_address>
         <run_address>0x71b</run_address>
         <size>0x5a</size>
         <input_file_ref idref="fl-2"/>
      </object_component>
      <object_component id="oc-cd">
         <name>.debug_line</name>
         <load_address>0x775</load_address>
         <run_address>0x775</run_address>
         <size>0x56</size>
         <input_file_ref idref="fl-2"/>
      </object_component>
      <object_component id="oc-d2">
         <name>.debug_line</name>
         <load_address>0x7cb</load_address>
         <run_address>0x7cb</run_address>
         <size>0x5e</size>
         <input_file_ref idref="fl-2"/>
      </object_component>
      <object_component id="oc-d7">
         <name>.debug_line</name>
         <load_address>0x829</load_address>
         <run_address>0x829</run_address>
         <size>0x66</size>
         <input_file_ref idref="fl-2"/>
      </object_component>
      <object_component id="oc-dc">
         <name>.debug_line</name>
         <load_address>0x88f</load_address>
         <run_address>0x88f</run_address>
         <size>0x5a</size>
         <input_file_ref idref="fl-2"/>
      </object_component>
      <object_component id="oc-eb">
         <name>.debug_line</name>
         <load_address>0x8e9</load_address>
         <run_address>0x8e9</run_address>
         <size>0x56</size>
         <input_file_ref idref="fl-1c"/>
      </object_component>
      <object_component id="oc-f1">
         <name>.debug_line</name>
         <load_address>0x93f</load_address>
         <run_address>0x93f</run_address>
         <size>0x59</size>
         <input_file_ref idref="fl-2"/>
      </object_component>
      <object_component id="oc-f7">
         <name>.debug_line</name>
         <load_address>0x998</load_address>
         <run_address>0x998</run_address>
         <size>0x64</size>
         <input_file_ref idref="fl-2"/>
      </object_component>
      <object_component id="oc-fe">
         <name>.debug_line</name>
         <load_address>0x9fc</load_address>
         <run_address>0x9fc</run_address>
         <size>0x4b</size>
         <input_file_ref idref="fl-2f"/>
      </object_component>
      <object_component id="oc-102">
         <name>.debug_line</name>
         <load_address>0xa47</load_address>
         <run_address>0xa47</run_address>
         <size>0x57</size>
         <input_file_ref idref="fl-21"/>
      </object_component>
      <object_component id="oc-117">
         <name>.debug_line</name>
         <load_address>0xa9e</load_address>
         <run_address>0xa9e</run_address>
         <size>0x56</size>
         <input_file_ref idref="fl-2d"/>
      </object_component>
      <object_component id="oc-124">
         <name>.debug_line</name>
         <load_address>0xaf4</load_address>
         <run_address>0xaf4</run_address>
         <size>0x44</size>
         <input_file_ref idref="fl-20"/>
      </object_component>
      <object_component id="oc-129">
         <name>.debug_line</name>
         <load_address>0xb38</load_address>
         <run_address>0xb38</run_address>
         <size>0x44</size>
         <input_file_ref idref="fl-1e"/>
      </object_component>
      <object_component id="oc-12d">
         <name>.debug_line</name>
         <load_address>0xb7c</load_address>
         <run_address>0xb7c</run_address>
         <size>0x20</size>
         <input_file_ref idref="fl-1e"/>
      </object_component>
      <object_component id="oc-12f">
         <name>.debug_line</name>
         <load_address>0xb9c</load_address>
         <run_address>0xb9c</run_address>
         <size>0x20</size>
         <input_file_ref idref="fl-20"/>
      </object_component>
      <object_component id="oc-132">
         <name>.debug_line</name>
         <load_address>0xbbc</load_address>
         <run_address>0xbbc</run_address>
         <size>0x20</size>
         <input_file_ref idref="fl-1f"/>
      </object_component>
      <object_component id="oc-134">
         <name>.debug_line</name>
         <load_address>0xbdc</load_address>
         <run_address>0xbdc</run_address>
         <size>0x3f</size>
         <input_file_ref idref="fl-2"/>
      </object_component>
      <object_component id="oc-136">
         <name>.debug_line</name>
         <load_address>0xc1b</load_address>
         <run_address>0xc1b</run_address>
         <size>0xcb</size>
         <input_file_ref idref="fl-2"/>
      </object_component>
      <object_component id="oc-139">
         <name>.debug_line</name>
         <load_address>0xce6</load_address>
         <run_address>0xce6</run_address>
         <size>0x2e</size>
         <input_file_ref idref="fl-33"/>
      </object_component>
      <object_component id="oc-13c">
         <name>.debug_line</name>
         <load_address>0xd14</load_address>
         <run_address>0xd14</run_address>
         <size>0x2e</size>
         <input_file_ref idref="fl-33"/>
      </object_component>
      <object_component id="oc-159">
         <name>.debug_line</name>
         <load_address>0xd42</load_address>
         <run_address>0xd42</run_address>
         <size>0x64</size>
         <input_file_ref idref="fl-22"/>
      </object_component>
      <object_component id="oc-15d">
         <name>.debug_line</name>
         <load_address>0xda6</load_address>
         <run_address>0xda6</run_address>
         <size>0x20</size>
         <input_file_ref idref="fl-2e"/>
      </object_component>
      <object_component id="oc-3d">
         <name>.debug_frame</name>
         <load_address>0x0</load_address>
         <run_address>0x0</run_address>
         <size>0x42</size>
         <input_file_ref idref="fl-1d"/>
      </object_component>
      <object_component id="oc-42">
         <name>.debug_frame</name>
         <load_address>0x42</load_address>
         <run_address>0x42</run_address>
         <size>0x47</size>
         <input_file_ref idref="fl-1e"/>
      </object_component>
      <object_component id="oc-47">
         <name>.debug_frame</name>
         <load_address>0x89</load_address>
         <run_address>0x89</run_address>
         <size>0x47</size>
         <input_file_ref idref="fl-20"/>
      </object_component>
      <object_component id="oc-4c">
         <name>.debug_frame</name>
         <load_address>0xd0</load_address>
         <run_address>0xd0</run_address>
         <size>0x47</size>
         <input_file_ref idref="fl-1f"/>
      </object_component>
      <object_component id="oc-58">
         <name>.debug_frame</name>
         <load_address>0x117</load_address>
         <run_address>0x117</run_address>
         <size>0x47</size>
         <input_file_ref idref="fl-2"/>
      </object_component>
      <object_component id="oc-5d">
         <name>.debug_frame</name>
         <load_address>0x15e</load_address>
         <run_address>0x15e</run_address>
         <size>0x47</size>
         <input_file_ref idref="fl-2"/>
      </object_component>
      <object_component id="oc-62">
         <name>.debug_frame</name>
         <load_address>0x1a5</load_address>
         <run_address>0x1a5</run_address>
         <size>0x47</size>
         <input_file_ref idref="fl-2"/>
      </object_component>
      <object_component id="oc-67">
         <name>.debug_frame</name>
         <load_address>0x1ec</load_address>
         <run_address>0x1ec</run_address>
         <size>0x47</size>
         <input_file_ref idref="fl-2"/>
      </object_component>
      <object_component id="oc-6c">
         <name>.debug_frame</name>
         <load_address>0x233</load_address>
         <run_address>0x233</run_address>
         <size>0x47</size>
         <input_file_ref idref="fl-2"/>
      </object_component>
      <object_component id="oc-71">
         <name>.debug_frame</name>
         <load_address>0x27a</load_address>
         <run_address>0x27a</run_address>
         <size>0x47</size>
         <input_file_ref idref="fl-30"/>
      </object_component>
      <object_component id="oc-76">
         <name>.debug_frame</name>
         <load_address>0x2c1</load_address>
         <run_address>0x2c1</run_address>
         <size>0x51</size>
         <input_file_ref idref="fl-33"/>
      </object_component>
      <object_component id="oc-7b">
         <name>.debug_frame</name>
         <load_address>0x312</load_address>
         <run_address>0x312</run_address>
         <size>0x4d</size>
         <input_file_ref idref="fl-2"/>
      </object_component>
      <object_component id="oc-80">
         <name>.debug_frame</name>
         <load_address>0x35f</load_address>
         <run_address>0x35f</run_address>
         <size>0x47</size>
         <input_file_ref idref="fl-24"/>
      </object_component>
      <object_component id="oc-86">
         <name>.debug_frame</name>
         <load_address>0x3a6</load_address>
         <run_address>0x3a6</run_address>
         <size>0x47</size>
         <input_file_ref idref="fl-2e"/>
      </object_component>
      <object_component id="oc-99">
         <name>.debug_frame</name>
         <load_address>0x3ed</load_address>
         <run_address>0x3ed</run_address>
         <size>0x51</size>
         <input_file_ref idref="fl-1f"/>
      </object_component>
      <object_component id="oc-c4">
         <name>.debug_frame</name>
         <load_address>0x43e</load_address>
         <run_address>0x43e</run_address>
         <size>0x47</size>
         <input_file_ref idref="fl-2"/>
      </object_component>
      <object_component id="oc-c9">
         <name>.debug_frame</name>
         <load_address>0x485</load_address>
         <run_address>0x485</run_address>
         <size>0x47</size>
         <input_file_ref idref="fl-2"/>
      </object_component>
      <object_component id="oc-ce">
         <name>.debug_frame</name>
         <load_address>0x4cc</load_address>
         <run_address>0x4cc</run_address>
         <size>0x47</size>
         <input_file_ref idref="fl-2"/>
      </object_component>
      <object_component id="oc-d3">
         <name>.debug_frame</name>
         <load_address>0x513</load_address>
         <run_address>0x513</run_address>
         <size>0x47</size>
         <input_file_ref idref="fl-2"/>
      </object_component>
      <object_component id="oc-d8">
         <name>.debug_frame</name>
         <load_address>0x55a</load_address>
         <run_address>0x55a</run_address>
         <size>0x47</size>
         <input_file_ref idref="fl-2"/>
      </object_component>
      <object_component id="oc-dd">
         <name>.debug_frame</name>
         <load_address>0x5a1</load_address>
         <run_address>0x5a1</run_address>
         <size>0x47</size>
         <input_file_ref idref="fl-2"/>
      </object_component>
      <object_component id="oc-f2">
         <name>.debug_frame</name>
         <load_address>0x5e8</load_address>
         <run_address>0x5e8</run_address>
         <size>0x47</size>
         <input_file_ref idref="fl-2"/>
      </object_component>
      <object_component id="oc-f8">
         <name>.debug_frame</name>
         <load_address>0x62f</load_address>
         <run_address>0x62f</run_address>
         <size>0x47</size>
         <input_file_ref idref="fl-2"/>
      </object_component>
      <object_component id="oc-3e">
         <name>.debug_aranges</name>
         <load_address>0x0</load_address>
         <run_address>0x0</run_address>
         <size>0x20</size>
         <input_file_ref idref="fl-1d"/>
      </object_component>
      <object_component id="oc-43">
         <name>.debug_aranges</name>
         <load_address>0x20</load_address>
         <run_address>0x20</run_address>
         <size>0x20</size>
         <input_file_ref idref="fl-1e"/>
      </object_component>
      <object_component id="oc-48">
         <name>.debug_aranges</name>
         <load_address>0x40</load_address>
         <run_address>0x40</run_address>
         <size>0x20</size>
         <input_file_ref idref="fl-20"/>
      </object_component>
      <object_component id="oc-4d">
         <name>.debug_aranges</name>
         <load_address>0x60</load_address>
         <run_address>0x60</run_address>
         <size>0x20</size>
         <input_file_ref idref="fl-1f"/>
      </object_component>
      <object_component id="oc-54">
         <name>.debug_aranges</name>
         <load_address>0x80</load_address>
         <run_address>0x80</run_address>
         <size>0x20</size>
         <input_file_ref idref="fl-2c"/>
      </object_component>
      <object_component id="oc-59">
         <name>.debug_aranges</name>
         <load_address>0xa0</load_address>
         <run_address>0xa0</run_address>
         <size>0x20</size>
         <input_file_ref idref="fl-2"/>
      </object_component>
      <object_component id="oc-5e">
         <name>.debug_aranges</name>
         <load_address>0xc0</load_address>
         <run_address>0xc0</run_address>
         <size>0x20</size>
         <input_file_ref idref="fl-2"/>
      </object_component>
      <object_component id="oc-63">
         <name>.debug_aranges</name>
         <load_address>0xe0</load_address>
         <run_address>0xe0</run_address>
         <size>0x20</size>
         <input_file_ref idref="fl-2"/>
      </object_component>
      <object_component id="oc-68">
         <name>.debug_aranges</name>
         <load_address>0x100</load_address>
         <run_address>0x100</run_address>
         <size>0x20</size>
         <input_file_ref idref="fl-2"/>
      </object_component>
      <object_component id="oc-6d">
         <name>.debug_aranges</name>
         <load_address>0x120</load_address>
         <run_address>0x120</run_address>
         <size>0x20</size>
         <input_file_ref idref="fl-2"/>
      </object_component>
      <object_component id="oc-72">
         <name>.debug_aranges</name>
         <load_address>0x140</load_address>
         <run_address>0x140</run_address>
         <size>0x20</size>
         <input_file_ref idref="fl-30"/>
      </object_component>
      <object_component id="oc-77">
         <name>.debug_aranges</name>
         <load_address>0x160</load_address>
         <run_address>0x160</run_address>
         <size>0x20</size>
         <input_file_ref idref="fl-33"/>
      </object_component>
      <object_component id="oc-7c">
         <name>.debug_aranges</name>
         <load_address>0x180</load_address>
         <run_address>0x180</run_address>
         <size>0x20</size>
         <input_file_ref idref="fl-2"/>
      </object_component>
      <object_component id="oc-81">
         <name>.debug_aranges</name>
         <load_address>0x1a0</load_address>
         <run_address>0x1a0</run_address>
         <size>0x20</size>
         <input_file_ref idref="fl-24"/>
      </object_component>
      <object_component id="oc-87">
         <name>.debug_aranges</name>
         <load_address>0x1c0</load_address>
         <run_address>0x1c0</run_address>
         <size>0x20</size>
         <input_file_ref idref="fl-2e"/>
      </object_component>
      <object_component id="oc-9a">
         <name>.debug_aranges</name>
         <load_address>0x1e0</load_address>
         <run_address>0x1e0</run_address>
         <size>0x20</size>
         <input_file_ref idref="fl-1f"/>
      </object_component>
      <object_component id="oc-be">
         <name>.debug_aranges</name>
         <load_address>0x200</load_address>
         <run_address>0x200</run_address>
         <size>0x20</size>
         <input_file_ref idref="fl-23"/>
      </object_component>
      <object_component id="oc-c5">
         <name>.debug_aranges</name>
         <load_address>0x220</load_address>
         <run_address>0x220</run_address>
         <size>0x20</size>
         <input_file_ref idref="fl-2"/>
      </object_component>
      <object_component id="oc-ca">
         <name>.debug_aranges</name>
         <load_address>0x240</load_address>
         <run_address>0x240</run_address>
         <size>0x20</size>
         <input_file_ref idref="fl-2"/>
      </object_component>
      <object_component id="oc-cf">
         <name>.debug_aranges</name>
         <load_address>0x260</load_address>
         <run_address>0x260</run_address>
         <size>0x20</size>
         <input_file_ref idref="fl-2"/>
      </object_component>
      <object_component id="oc-d4">
         <name>.debug_aranges</name>
         <load_address>0x280</load_address>
         <run_address>0x280</run_address>
         <size>0x20</size>
         <input_file_ref idref="fl-2"/>
      </object_component>
      <object_component id="oc-d9">
         <name>.debug_aranges</name>
         <load_address>0x2a0</load_address>
         <run_address>0x2a0</run_address>
         <size>0x20</size>
         <input_file_ref idref="fl-2"/>
      </object_component>
      <object_component id="oc-de">
         <name>.debug_aranges</name>
         <load_address>0x2c0</load_address>
         <run_address>0x2c0</run_address>
         <size>0x20</size>
         <input_file_ref idref="fl-2"/>
      </object_component>
      <object_component id="oc-ec">
         <name>.debug_aranges</name>
         <load_address>0x2e0</load_address>
         <run_address>0x2e0</run_address>
         <size>0x20</size>
         <input_file_ref idref="fl-1c"/>
      </object_component>
      <object_component id="oc-f3">
         <name>.debug_aranges</name>
         <load_address>0x300</load_address>
         <run_address>0x300</run_address>
         <size>0x20</size>
         <input_file_ref idref="fl-2"/>
      </object_component>
      <object_component id="oc-f9">
         <name>.debug_aranges</name>
         <load_address>0x320</load_address>
         <run_address>0x320</run_address>
         <size>0x20</size>
         <input_file_ref idref="fl-2"/>
      </object_component>
      <object_component id="oc-ff">
         <name>.debug_aranges</name>
         <load_address>0x340</load_address>
         <run_address>0x340</run_address>
         <size>0x20</size>
         <input_file_ref idref="fl-2f"/>
      </object_component>
      <object_component id="oc-103">
         <name>.debug_aranges</name>
         <load_address>0x360</load_address>
         <run_address>0x360</run_address>
         <size>0x20</size>
         <input_file_ref idref="fl-21"/>
      </object_component>
      <object_component id="oc-118">
         <name>.debug_aranges</name>
         <load_address>0x380</load_address>
         <run_address>0x380</run_address>
         <size>0x20</size>
         <input_file_ref idref="fl-2d"/>
      </object_component>
      <object_component id="oc-157">
         <name>.debug_aranges</name>
         <load_address>0x3a0</load_address>
         <run_address>0x3a0</run_address>
         <size>0x20</size>
         <input_file_ref idref="fl-22"/>
      </object_component>
      <object_component id="oc-82">
         <name>.debug_abbrev</name>
         <load_address>0x0</load_address>
         <run_address>0x0</run_address>
         <size>0x58</size>
         <input_file_ref idref="fl-1d"/>
      </object_component>
      <object_component id="oc-88">
         <name>.debug_abbrev</name>
         <load_address>0x58</load_address>
         <run_address>0x58</run_address>
         <size>0x74</size>
         <input_file_ref idref="fl-1e"/>
      </object_component>
      <object_component id="oc-8a">
         <name>.debug_abbrev</name>
         <load_address>0xcc</load_address>
         <run_address>0xcc</run_address>
         <size>0x24</size>
         <input_file_ref idref="fl-1e"/>
      </object_component>
      <object_component id="oc-8f">
         <name>.debug_abbrev</name>
         <load_address>0xf0</load_address>
         <run_address>0xf0</run_address>
         <size>0x6f</size>
         <input_file_ref idref="fl-20"/>
      </object_component>
      <object_component id="oc-91">
         <name>.debug_abbrev</name>
         <load_address>0x15f</load_address>
         <run_address>0x15f</run_address>
         <size>0x24</size>
         <input_file_ref idref="fl-20"/>
      </object_component>
      <object_component id="oc-9b">
         <name>.debug_abbrev</name>
         <load_address>0x183</load_address>
         <run_address>0x183</run_address>
         <size>0x74</size>
         <input_file_ref idref="fl-1f"/>
      </object_component>
      <object_component id="oc-9e">
         <name>.debug_abbrev</name>
         <load_address>0x1f7</load_address>
         <run_address>0x1f7</run_address>
         <size>0x24</size>
         <input_file_ref idref="fl-1f"/>
      </object_component>
      <object_component id="oc-a2">
         <name>.debug_abbrev</name>
         <load_address>0x21b</load_address>
         <run_address>0x21b</run_address>
         <size>0x29</size>
         <input_file_ref idref="fl-1d"/>
      </object_component>
      <object_component id="oc-a5">
         <name>.debug_abbrev</name>
         <load_address>0x244</load_address>
         <run_address>0x244</run_address>
         <size>0x1f</size>
         <input_file_ref idref="fl-2"/>
      </object_component>
      <object_component id="oc-a9">
         <name>.debug_abbrev</name>
         <load_address>0x263</load_address>
         <run_address>0x263</run_address>
         <size>0x27</size>
         <input_file_ref idref="fl-2c"/>
      </object_component>
      <object_component id="oc-b1">
         <name>.debug_abbrev</name>
         <load_address>0x28a</load_address>
         <run_address>0x28a</run_address>
         <size>0x53</size>
         <input_file_ref idref="fl-2"/>
      </object_component>
      <object_component id="oc-b2">
         <name>.debug_abbrev</name>
         <load_address>0x2dd</load_address>
         <run_address>0x2dd</run_address>
         <size>0x53</size>
         <input_file_ref idref="fl-2"/>
      </object_component>
      <object_component id="oc-b3">
         <name>.debug_abbrev</name>
         <load_address>0x330</load_address>
         <run_address>0x330</run_address>
         <size>0x53</size>
         <input_file_ref idref="fl-2"/>
      </object_component>
      <object_component id="oc-b8">
         <name>.debug_abbrev</name>
         <load_address>0x383</load_address>
         <run_address>0x383</run_address>
         <size>0x53</size>
         <input_file_ref idref="fl-2"/>
      </object_component>
      <object_component id="oc-b9">
         <name>.debug_abbrev</name>
         <load_address>0x3d6</load_address>
         <run_address>0x3d6</run_address>
         <size>0x53</size>
         <input_file_ref idref="fl-2"/>
      </object_component>
      <object_component id="oc-ba">
         <name>.debug_abbrev</name>
         <load_address>0x429</load_address>
         <run_address>0x429</run_address>
         <size>0x55</size>
         <input_file_ref idref="fl-30"/>
      </object_component>
      <object_component id="oc-bf">
         <name>.debug_abbrev</name>
         <load_address>0x47e</load_address>
         <run_address>0x47e</run_address>
         <size>0x64</size>
         <input_file_ref idref="fl-33"/>
      </object_component>
      <object_component id="oc-11e">
         <name>.debug_abbrev</name>
         <load_address>0x4e2</load_address>
         <run_address>0x4e2</run_address>
         <size>0x60</size>
         <input_file_ref idref="fl-2"/>
      </object_component>
      <object_component id="oc-11f">
         <name>.debug_abbrev</name>
         <load_address>0x542</load_address>
         <run_address>0x542</run_address>
         <size>0x45</size>
         <input_file_ref idref="fl-24"/>
      </object_component>
      <object_component id="oc-120">
         <name>.debug_abbrev</name>
         <load_address>0x587</load_address>
         <run_address>0x587</run_address>
         <size>0x71</size>
         <input_file_ref idref="fl-2e"/>
      </object_component>
      <object_component id="oc-123">
         <name>.debug_abbrev</name>
         <load_address>0x5f8</load_address>
         <run_address>0x5f8</run_address>
         <size>0x24</size>
         <input_file_ref idref="fl-20"/>
      </object_component>
      <object_component id="oc-128">
         <name>.debug_abbrev</name>
         <load_address>0x61c</load_address>
         <run_address>0x61c</run_address>
         <size>0x24</size>
         <input_file_ref idref="fl-1e"/>
      </object_component>
      <object_component id="oc-12c">
         <name>.debug_abbrev</name>
         <load_address>0x640</load_address>
         <run_address>0x640</run_address>
         <size>0x57</size>
         <input_file_ref idref="fl-1e"/>
      </object_component>
      <object_component id="oc-12e">
         <name>.debug_abbrev</name>
         <load_address>0x697</load_address>
         <run_address>0x697</run_address>
         <size>0x37</size>
         <input_file_ref idref="fl-20"/>
      </object_component>
      <object_component id="oc-130">
         <name>.debug_abbrev</name>
         <load_address>0x6ce</load_address>
         <run_address>0x6ce</run_address>
         <size>0x61</size>
         <input_file_ref idref="fl-1f"/>
      </object_component>
      <object_component id="oc-131">
         <name>.debug_abbrev</name>
         <load_address>0x72f</load_address>
         <run_address>0x72f</run_address>
         <size>0x37</size>
         <input_file_ref idref="fl-1f"/>
      </object_component>
      <object_component id="oc-133">
         <name>.debug_abbrev</name>
         <load_address>0x766</load_address>
         <run_address>0x766</run_address>
         <size>0x29</size>
         <input_file_ref idref="fl-2"/>
      </object_component>
      <object_component id="oc-135">
         <name>.debug_abbrev</name>
         <load_address>0x78f</load_address>
         <run_address>0x78f</run_address>
         <size>0xd4</size>
         <input_file_ref idref="fl-2"/>
      </object_component>
      <object_component id="oc-137">
         <name>.debug_abbrev</name>
         <load_address>0x863</load_address>
         <run_address>0x863</run_address>
         <size>0x39</size>
         <input_file_ref idref="fl-23"/>
      </object_component>
      <object_component id="oc-138">
         <name>.debug_abbrev</name>
         <load_address>0x89c</load_address>
         <run_address>0x89c</run_address>
         <size>0x82</size>
         <input_file_ref idref="fl-33"/>
      </object_component>
      <object_component id="oc-13b">
         <name>.debug_abbrev</name>
         <load_address>0x91e</load_address>
         <run_address>0x91e</run_address>
         <size>0x24</size>
         <input_file_ref idref="fl-33"/>
      </object_component>
      <object_component id="oc-13f">
         <name>.debug_abbrev</name>
         <load_address>0x942</load_address>
         <run_address>0x942</run_address>
         <size>0x50</size>
         <input_file_ref idref="fl-2"/>
      </object_component>
      <object_component id="oc-140">
         <name>.debug_abbrev</name>
         <load_address>0x992</load_address>
         <run_address>0x992</run_address>
         <size>0x50</size>
         <input_file_ref idref="fl-2"/>
      </object_component>
      <object_component id="oc-141">
         <name>.debug_abbrev</name>
         <load_address>0x9e2</load_address>
         <run_address>0x9e2</run_address>
         <size>0x50</size>
         <input_file_ref idref="fl-2"/>
      </object_component>
      <object_component id="oc-142">
         <name>.debug_abbrev</name>
         <load_address>0xa32</load_address>
         <run_address>0xa32</run_address>
         <size>0x50</size>
         <input_file_ref idref="fl-2"/>
      </object_component>
      <object_component id="oc-14d">
         <name>.debug_abbrev</name>
         <load_address>0xa82</load_address>
         <run_address>0xa82</run_address>
         <size>0x5e</size>
         <input_file_ref idref="fl-2"/>
      </object_component>
      <object_component id="oc-14e">
         <name>.debug_abbrev</name>
         <load_address>0xae0</load_address>
         <run_address>0xae0</run_address>
         <size>0x50</size>
         <input_file_ref idref="fl-2"/>
      </object_component>
      <object_component id="oc-14f">
         <name>.debug_abbrev</name>
         <load_address>0xb30</load_address>
         <run_address>0xb30</run_address>
         <size>0x3b</size>
         <input_file_ref idref="fl-1c"/>
      </object_component>
      <object_component id="oc-150">
         <name>.debug_abbrev</name>
         <load_address>0xb6b</load_address>
         <run_address>0xb6b</run_address>
         <size>0x50</size>
         <input_file_ref idref="fl-2"/>
      </object_component>
      <object_component id="oc-154">
         <name>.debug_abbrev</name>
         <load_address>0xbbb</load_address>
         <run_address>0xbbb</run_address>
         <size>0x50</size>
         <input_file_ref idref="fl-2"/>
      </object_component>
      <object_component id="oc-155">
         <name>.debug_abbrev</name>
         <load_address>0xc0b</load_address>
         <run_address>0xc0b</run_address>
         <size>0x3b</size>
         <input_file_ref idref="fl-2f"/>
      </object_component>
      <object_component id="oc-15a">
         <name>.debug_abbrev</name>
         <load_address>0xc46</load_address>
         <run_address>0xc46</run_address>
         <size>0x49</size>
         <input_file_ref idref="fl-21"/>
      </object_component>
      <object_component id="oc-15b">
         <name>.debug_abbrev</name>
         <load_address>0xc8f</load_address>
         <run_address>0xc8f</run_address>
         <size>0x3b</size>
         <input_file_ref idref="fl-2d"/>
      </object_component>
      <object_component id="oc-15c">
         <name>.debug_abbrev</name>
         <load_address>0xcca</load_address>
         <run_address>0xcca</run_address>
         <size>0x3e</size>
         <input_file_ref idref="fl-2e"/>
      </object_component>
      <object_component id="oc-15e">
         <name>.debug_abbrev</name>
         <load_address>0xd08</load_address>
         <run_address>0xd08</run_address>
         <size>0x3b</size>
         <input_file_ref idref="fl-22"/>
      </object_component>
      <object_component id="oc-19a">
         <name>.debug_abbrev</name>
         <load_address>0xd43</load_address>
         <run_address>0xd43</run_address>
         <size>0xf</size>
      </object_component>
      <object_component id="oc-8c">
         <name>.debug_str</name>
         <load_address>0x0</load_address>
         <run_address>0x0</run_address>
         <size>0xb5</size>
         <input_file_ref idref="fl-1e"/>
      </object_component>
      <object_component id="oc-93">
         <name>.debug_str</name>
         <load_address>0xb5</load_address>
         <run_address>0xb5</run_address>
         <size>0xaf</size>
         <input_file_ref idref="fl-20"/>
      </object_component>
      <object_component id="oc-a0">
         <name>.debug_str</name>
         <load_address>0x164</load_address>
         <run_address>0x164</run_address>
         <size>0xa7</size>
         <input_file_ref idref="fl-1f"/>
      </object_component>
      <object_component id="oc-a7">
         <name>.debug_str</name>
         <load_address>0x20b</load_address>
         <run_address>0x20b</run_address>
         <size>0xf5</size>
         <input_file_ref idref="fl-2"/>
      </object_component>
      <object_component id="oc-125">
         <name>.debug_str</name>
         <load_address>0x300</load_address>
         <run_address>0x300</run_address>
         <size>0x9c</size>
         <input_file_ref idref="fl-20"/>
      </object_component>
      <object_component id="oc-12a">
         <name>.debug_str</name>
         <load_address>0x39c</load_address>
         <run_address>0x39c</run_address>
         <size>0x9c</size>
         <input_file_ref idref="fl-1e"/>
      </object_component>
      <object_component id="oc-13d">
         <name>.debug_str</name>
         <load_address>0x438</load_address>
         <run_address>0x438</run_address>
         <size>0x94</size>
         <input_file_ref idref="fl-33"/>
      </object_component>
      <object_component id="oc-8d">
         <name>.debug_pubtypes</name>
         <load_address>0x0</load_address>
         <run_address>0x0</run_address>
         <size>0x48</size>
         <input_file_ref idref="fl-1e"/>
      </object_component>
      <object_component id="oc-94">
         <name>.debug_pubtypes</name>
         <load_address>0x48</load_address>
         <run_address>0x48</run_address>
         <size>0x48</size>
         <input_file_ref idref="fl-20"/>
      </object_component>
      <object_component id="oc-a1">
         <name>.debug_pubtypes</name>
         <load_address>0x90</load_address>
         <run_address>0x90</run_address>
         <size>0x37</size>
         <input_file_ref idref="fl-1f"/>
      </object_component>
      <object_component id="oc-a8">
         <name>.debug_pubtypes</name>
         <load_address>0xc7</load_address>
         <run_address>0xc7</run_address>
         <size>0xed</size>
         <input_file_ref idref="fl-2"/>
      </object_component>
      <object_component id="oc-126">
         <name>.debug_pubtypes</name>
         <load_address>0x1b4</load_address>
         <run_address>0x1b4</run_address>
         <size>0x1d</size>
         <input_file_ref idref="fl-20"/>
      </object_component>
      <object_component id="oc-12b">
         <name>.debug_pubtypes</name>
         <load_address>0x1d1</load_address>
         <run_address>0x1d1</run_address>
         <size>0x1d</size>
         <input_file_ref idref="fl-1e"/>
      </object_component>
      <object_component id="oc-13e">
         <name>.debug_pubtypes</name>
         <load_address>0x1ee</load_address>
         <run_address>0x1ee</run_address>
         <size>0x2f</size>
         <input_file_ref idref="fl-33"/>
      </object_component>
   </object_component_list>
   <logical_group_list>
      <logical_group id="lg-4" display="no" color="cyan">
         <name>.sysmem</name>
         <run_address>0x0</run_address>
         <size>0x0</size>
         <contents>
         </contents>
      </logical_group>
      <logical_group id="lg-5" display="no" color="cyan">
         <name>.stack</name>
         <run_address>0x3b0</run_address>
         <size>0x50</size>
         <contents>
            <object_component_ref idref="oc-4e"/>
            <object_component_ref idref="oc-198"/>
         </contents>
      </logical_group>
      <logical_group id="lg-6" display="no" color="cyan">
         <name>.text</name>
         <load_address>0xc000</load_address>
         <run_address>0xc000</run_address>
         <size>0x62e</size>
         <contents>
            <object_component_ref idref="oc-78"/>
            <object_component_ref idref="oc-96"/>
            <object_component_ref idref="oc-73"/>
            <object_component_ref idref="oc-64"/>
            <object_component_ref idref="oc-d5"/>
            <object_component_ref idref="oc-156"/>
            <object_component_ref idref="oc-f5"/>
            <object_component_ref idref="oc-100"/>
            <object_component_ref idref="oc-e9"/>
            <object_component_ref idref="oc-115"/>
            <object_component_ref idref="oc-55"/>
            <object_component_ref idref="oc-d0"/>
            <object_component_ref idref="oc-fc"/>
            <object_component_ref idref="oc-da"/>
            <object_component_ref idref="oc-ef"/>
            <object_component_ref idref="oc-c6"/>
            <object_component_ref idref="oc-3a"/>
            <object_component_ref idref="oc-5f"/>
            <object_component_ref idref="oc-c1"/>
            <object_component_ref idref="oc-69"/>
            <object_component_ref idref="oc-44"/>
            <object_component_ref idref="oc-3f"/>
            <object_component_ref idref="oc-83"/>
            <object_component_ref idref="oc-bb"/>
            <object_component_ref idref="oc-cb"/>
            <object_component_ref idref="oc-5a"/>
            <object_component_ref idref="oc-51"/>
            <object_component_ref idref="oc-49"/>
            <object_component_ref idref="oc-6e"/>
            <object_component_ref idref="oc-7d"/>
         </contents>
      </logical_group>
      <logical_group id="lg-7" display="no" color="cyan">
         <name>.cinit</name>
         <load_address>0xc62e</load_address>
         <run_address>0xc62e</run_address>
         <size>0x1c</size>
         <contents>
            <object_component_ref idref="oc-197"/>
            <object_component_ref idref="oc-194"/>
            <object_component_ref idref="oc-196"/>
            <object_component_ref idref="oc-195"/>
         </contents>
      </logical_group>
      <logical_group id="lg-8" display="no" color="cyan">
         <name>.const</name>
         <run_address>0x0</run_address>
         <size>0x0</size>
         <contents>
         </contents>
      </logical_group>
      <logical_group id="lg-9" display="no" color="cyan">
         <name>.cio</name>
         <run_address>0x0</run_address>
         <size>0x0</size>
         <contents>
         </contents>
      </logical_group>
      <logical_group id="lg-a" display="no" color="cyan">
         <name>.pinit</name>
         <run_address>0x0</run_address>
         <size>0x0</size>
         <contents>
         </contents>
      </logical_group>
      <logical_group id="lg-b" display="no" color="cyan">
         <name>.init_array</name>
         <run_address>0x0</run_address>
         <size>0x0</size>
         <contents>
         </contents>
      </logical_group>
      <logical_group id="lg-c" display="no" color="cyan">
         <name>.mspabi.exidx</name>
         <run_address>0x0</run_address>
         <size>0x0</size>
         <contents>
         </contents>
      </logical_group>
      <logical_group id="lg-d" display="no" color="cyan">
         <name>.mspabi.extab</name>
         <run_address>0x0</run_address>
         <size>0x0</size>
         <contents>
         </contents>
      </logical_group>
      <logical_group id="lg-e" display="no" color="cyan">
         <name>.infoA</name>
         <run_address>0x0</run_address>
         <size>0x0</size>
         <contents>
         </contents>
      </logical_group>
      <logical_group id="lg-f" display="no" color="cyan">
         <name>.infoB</name>
         <run_address>0x0</run_address>
         <size>0x0</size>
         <contents>
         </contents>
      </logical_group>
      <logical_group id="lg-10" display="no" color="cyan">
         <name>.infoC</name>
         <run_address>0x0</run_address>
         <size>0x0</size>
         <contents>
         </contents>
      </logical_group>
      <logical_group id="lg-11" display="no" color="cyan">
         <name>.infoD</name>
         <run_address>0x0</run_address>
         <size>0x0</size>
         <contents>
         </contents>
      </logical_group>
      <logical_group id="lg-12" display="no" color="cyan">
         <name>.int00</name>
         <run_address>0x0</run_address>
         <size>0x0</size>
         <contents>
         </contents>
      </logical_group>
      <logical_group id="lg-13" display="no" color="cyan">
         <name>.int01</name>
         <run_address>0x0</run_address>
         <size>0x0</size>
         <contents>
         </contents>
      </logical_group>
      <logical_group id="lg-14" display="no" color="cyan">
         <name>PORT1</name>
         <load_address>0xffe4</load_address>
         <run_address>0xffe4</run_address>
         <size>0x2</size>
         <contents>
            <object_component_ref idref="oc-2e"/>
         </contents>
      </logical_group>
      <logical_group id="lg-16" display="no" color="cyan">
         <name>PORT2</name>
         <load_address>0xffe6</load_address>
         <run_address>0xffe6</run_address>
         <size>0x2</size>
         <contents>
            <object_component_ref idref="oc-2f"/>
         </contents>
      </logical_group>
      <logical_group id="lg-18" display="no" color="cyan">
         <name>.int04</name>
         <run_address>0x0</run_address>
         <size>0x0</size>
         <contents>
         </contents>
      </logical_group>
      <logical_group id="lg-19" display="no" color="cyan">
         <name>ADC10</name>
         <load_address>0xffea</load_address>
         <run_address>0xffea</run_address>
         <size>0x2</size>
         <contents>
            <object_component_ref idref="oc-30"/>
         </contents>
      </logical_group>
      <logical_group id="lg-1b" display="no" color="cyan">
         <name>USCIAB0TX</name>
         <load_address>0xffec</load_address>
         <run_address>0xffec</run_address>
         <size>0x2</size>
         <contents>
            <object_component_ref idref="oc-31"/>
         </contents>
      </logical_group>
      <logical_group id="lg-1d" display="no" color="cyan">
         <name>USCIAB0RX</name>
         <load_address>0xffee</load_address>
         <run_address>0xffee</run_address>
         <size>0x2</size>
         <contents>
            <object_component_ref idref="oc-32"/>
         </contents>
      </logical_group>
      <logical_group id="lg-1f" display="no" color="cyan">
         <name>TIMER0_A1</name>
         <load_address>0xfff0</load_address>
         <run_address>0xfff0</run_address>
         <size>0x2</size>
         <contents>
            <object_component_ref idref="oc-33"/>
         </contents>
      </logical_group>
      <logical_group id="lg-21" display="no" color="cyan">
         <name>TIMER0_A0</name>
         <load_address>0xfff2</load_address>
         <run_address>0xfff2</run_address>
         <size>0x2</size>
         <contents>
            <object_component_ref idref="oc-34"/>
         </contents>
      </logical_group>
      <logical_group id="lg-23" display="no" color="cyan">
         <name>WDT</name>
         <load_address>0xfff4</load_address>
         <run_address>0xfff4</run_address>
         <size>0x2</size>
         <contents>
            <object_component_ref idref="oc-35"/>
         </contents>
      </logical_group>
      <logical_group id="lg-25" display="no" color="cyan">
         <name>COMPARATORA</name>
         <load_address>0xfff6</load_address>
         <run_address>0xfff6</run_address>
         <size>0x2</size>
         <contents>
            <object_component_ref idref="oc-36"/>
         </contents>
      </logical_group>
      <logical_group id="lg-27" display="no" color="cyan">
         <name>TIMER1_A1</name>
[...]
      </symbol>
      <symbol id="sm-35">
         <name>TA0CCR1</name>
         <value>0x174</value>
      </symbol>
      <symbol id="sm-36">
         <name>TA0CCR2</name>
         <value>0x176</value>
      </symbol>
      <symbol id="sm-37">
         <name>TA1IV</name>
         <value>0x11e</value>
      </symbol>
      <symbol id="sm-38">
         <name>TA1CTL</name>
         <value>0x180</value>
      </symbol>
      <symbol id="sm-39">
         <name>TA1CCTL0</name>
         <value>0x182</value>
      </symbol>
      <symbol id="sm-3a">
         <name>TA1CCTL1</name>
         <value>0x184</value>
      </symbol>
      <symbol id="sm-3b">
         <name>TA1CCTL2</name>
         <value>0x186</value>
      </symbol>
      <symbol id="sm-3c">
         <name>TA1R</name>
         <value>0x190</value>
      </symbol>
      <symbol id="sm-3d">
         <name>TA1CCR0</name>
         <value>0x192</value>
      </symbol>
      <symbol id="sm-3e">
         <name>TA1CCR1</name>
         <value>0x194</value>
      </symbol>
      <symbol id="sm-3f">
         <name>TA1CCR2</name>
         <value>0x196</value>
      </symbol>
      <symbol id="sm-40">
         <name>UCA0CTL0</name>
         <value>0x60</value>
      </symbol>
      <symbol id="sm-41">
         <name>UCA0CTL1</name>
         <value>0x61</value>
      </symbol>
      <symbol id="sm-42">
         <name>UCA0BR0</name>
         <value>0x62</value>
      </symbol>
      <symbol id="sm-43">
         <name>UCA0BR1</name>
         <value>0x63</value>
      </symbol>
      <symbol id="sm-44">
         <name>UCA0MCTL</name>
         <value>0x64</value>
      </symbol>
      <symbol id="sm-45">
         <name>UCA0STAT</name>
         <value>0x65</value>
      </symbol>
      <symbol id="sm-46">
         <name>UCA0RXBUF</name>
         <value>0x66</value>
      </symbol>
      <symbol id="sm-47">
         <name>UCA0TXBUF</name>
         <value>0x67</value>
      </symbol>
      <symbol id="sm-48">
         <name>UCA0ABCTL</name>
         <value>0x5d</value>
      </symbol>
      <symbol id="sm-49">
         <name>UCA0IRTCTL</name>
         <value>0x5e</value>
      </symbol>
      <symbol id="sm-4a">
         <name>UCA0IRRCTL</name>
         <value>0x5f</value>
      </symbol>
      <symbol id="sm-4b">
         <name>UCB0CTL0</name>
         <value>0x68</value>
      </symbol>
      <symbol id="sm-4c">
         <name>UCB0CTL1</name>
         <value>0x69</value>
      </symbol>
      <symbol id="sm-4d">
         <name>UCB0BR0</name>
         <value>0x6a</value>
      </symbol>
      <symbol id="sm-4e">
         <name>UCB0BR1</name>
         <value>0x6b</value>
      </symbol>
      <symbol id="sm-4f">
         <name>UCB0I2CIE</name>
         <value>0x6c</value>
      </symbol>
      <symbol id="sm-50">
         <name>UCB0STAT</name>
         <value>0x6d</value>
      </symbol>
      <symbol id="sm-51">
         <name>UCB0RXBUF</name>
         <value>0x6e</value>
      </symbol>
      <symbol id="sm-52">
         <name>UCB0TXBUF</name>
         <value>0x6f</value>
      </symbol>
      <symbol id="sm-53">
         <name>UCB0I2COA</name>
         <value>0x118</value>
      </symbol>
      <symbol id="sm-54">
         <name>UCB0I2CSA</name>
         <value>0x11a</value>
      </symbol>
      <symbol id="sm-55">
         <name>WDTCTL</name>
         <value>0x120</value>
      </symbol>
      <symbol id="sm-56">
         <name>CALDCO_16MHZ</name>
         <value>0x10f8</value>
      </symbol>
      <symbol id="sm-57">
         <name>CALBC1_16MHZ</name>
         <value>0x10f9</value>
      </symbol>
      <symbol id="sm-58">
         <name>CALDCO_12MHZ</name>
         <value>0x10fa</value>
      </symbol>
      <symbol id="sm-59">
         <name>CALBC1_12MHZ</name>
         <value>0x10fb</value>
      </symbol>
      <symbol id="sm-5a">
         <name>CALDCO_8MHZ</name>
         <value>0x10fc</value>
      </symbol>
      <symbol id="sm-5b">
         <name>CALBC1_8MHZ</name>
         <value>0x10fd</value>
      </symbol>
      <symbol id="sm-5c">
         <name>CALDCO_1MHZ</name>
         <value>0x10fe</value>
      </symbol>
      <symbol id="sm-5d">
         <name>CALBC1_1MHZ</name>
         <value>0x10ff</value>
      </symbol>
      <symbol id="sm-5e">
         <name>__TI_CINIT_Base</name>
         <value>0xc642</value>
      </symbol>
      <symbol id="sm-5f">
         <name>__TI_CINIT_Limit</name>
         <value>0xc64a</value>
      </symbol>
      <symbol id="sm-60">
         <name>__TI_Handler_Table_Base</name>
         <value>0xc638</value>
      </symbol>
      <symbol id="sm-61">
         <name>__TI_Handler_Table_Limit</name>
         <value>0xc63e</value>
      </symbol>
      <symbol id="sm-62">
         <name>binit</name>
         <value>0xffffffff</value>
      </symbol>
      <symbol id="sm-63">
         <name>__binit__</name>
         <value>0xffffffff</value>
      </symbol>
      <symbol id="sm-64">
         <name>__STACK_SIZE</name>
         <value>0x50</value>
      </symbol>
      <symbol id="sm-65">
         <name>__STACK_END</name>
         <value>0x400</value>
      </symbol>
      <symbol id="sm-66">
         <name>__c_args__</name>
         <value>0xffffffff</value>
      </symbol>
      <symbol id="sm-115">
         <name>BitCnt</name>
         <value>0x22e</value>
      </symbol>
      <symbol id="sm-116">
         <name>TXByte</name>
         <value>0x22c</value>
      </symbol>
      <symbol id="sm-117">
         <name>tempMeasured</name>
         <value>0x200</value>
      </symbol>
      <symbol id="sm-118">
         <name>tempAverage</name>
         <value>0x220</value>
      </symbol>
      <symbol id="sm-119">
         <name>tempCalibrated</name>
         <value>0x224</value>
      </symbol>
      <symbol id="sm-11a">
         <name>tempDifference</name>
         <value>0x228</value>
      </symbol>
      <symbol id="sm-11b">
         <name>WDT_ISR</name>
         <value>0xc5a8</value>
         <object_component_ref idref="oc-69"/>
      </symbol>
      <symbol id="sm-11c">
         <name>ConfigureTimerUart</name>
         <value>0xc52c</value>
         <object_component_ref idref="oc-ef"/>
      </symbol>
      <symbol id="sm-11d">
         <name>ta1_isr</name>
         <value>0xc57a</value>
         <object_component_ref idref="oc-5f"/>
      </symbol>
      <symbol id="sm-11e">
         <name>calibrateUpdate</name>
         <value>0x231</value>
         <object_component_ref idref="oc-aa"/>
      </symbol>
      <symbol id="sm-11f">
         <name>Transmit</name>
         <value>0xc374</value>
         <object_component_ref idref="oc-f5"/>
      </symbol>
      <symbol id="sm-120">
         <name>ADC10_ISR</name>
         <value>0xc612</value>
         <object_component_ref idref="oc-5a"/>
      </symbol>
      <symbol id="sm-121">
         <name>__TI_int08</name>
         <value>0xfff0</value>
         <object_component_ref idref="oc-33"/>
      </symbol>
      <symbol id="sm-122">
         <name>__TI_int09</name>
         <value>0xfff2</value>
         <object_component_ref idref="oc-34"/>
      </symbol>
      <symbol id="sm-123">
         <name>__TI_int05</name>
         <value>0xffea</value>
         <object_component_ref idref="oc-30"/>
      </symbol>
      <symbol id="sm-124">
         <name>__TI_int03</name>
         <value>0xffe6</value>
         <object_component_ref idref="oc-2f"/>
      </symbol>
      <symbol id="sm-125">
         <name>tempMeasuredPosition</name>
         <value>0x233</value>
         <object_component_ref idref="oc-aa"/>
      </symbol>
      <symbol id="sm-126">
         <name>__TI_int10</name>
         <value>0xfff4</value>
         <object_component_ref idref="oc-35"/>
      </symbol>
      <symbol id="sm-127">
         <name>InitializeLeds</name>
         <value>0xc604</value>
         <object_component_ref idref="oc-cb"/>
      </symbol>
      <symbol id="sm-128">
         <name>timerMode</name>
         <value>0x230</value>
         <object_component_ref idref="oc-aa"/>
      </symbol>
      <symbol id="sm-129">
         <name>InitializeButton</name>
         <value>0xc546</value>
         <object_component_ref idref="oc-c6"/>
      </symbol>
      <symbol id="sm-12a">
         <name>InitializeClocks</name>
         <value>0xc594</value>
         <object_component_ref idref="oc-c1"/>
      </symbol>
      <symbol id="sm-12b">
         <name>ConfigureAdcTempSensor</name>
         <value>0xc2c4</value>
         <object_component_ref idref="oc-d5"/>
      </symbol>
      <symbol id="sm-12c">
         <name>main</name>
         <value>0xc000</value>
         <object_component_ref idref="oc-78"/>
      </symbol>
      <symbol id="sm-12d">
         <name>ConfigureTimerPwm</name>
         <value>0xc50a</value>
         <object_component_ref idref="oc-da"/>
      </symbol>
      <symbol id="sm-12e">
         <name>PreApplicationMode</name>
         <value>0xc4aa</value>
         <object_component_ref idref="oc-d0"/>
      </symbol>
      <symbol id="sm-12f">
         <name>applicationMode</name>
         <value>0x22f</value>
         <object_component_ref idref="oc-aa"/>
      </symbol>
      <symbol id="sm-130">
         <name>tempPolarity</name>
         <value>0x232</value>
         <object_component_ref idref="oc-aa"/>
      </symbol>
      <symbol id="sm-131">
         <name>PORT2_ISR</name>
         <value>0xc470</value>
         <object_component_ref idref="oc-55"/>
      </symbol>
      <symbol id="sm-132">
         <name>Timer_A</name>
         <value>0xc268</value>
         <object_component_ref idref="oc-64"/>
      </symbol>
      <symbol id="sm-139">
         <name>__mspabi_sral_15</name>
         <value>0xc3f4</value>
         <object_component_ref idref="oc-e9"/>
      </symbol>
      <symbol id="sm-13a">
         <name>__mspabi_sral_14</name>
         <value>0xc3f8</value>
         <object_component_ref idref="oc-e9"/>
      </symbol>
      <symbol id="sm-13b">
         <name>__mspabi_sral_13</name>
         <value>0xc3fc</value>
         <object_component_ref idref="oc-e9"/>
      </symbol>
      <symbol id="sm-13c">
         <name>__mspabi_sral_12</name>
         <value>0xc400</value>
         <object_component_ref idref="oc-e9"/>
      </symbol>
      <symbol id="sm-13d">
         <name>__mspabi_sral_11</name>
         <value>0xc404</value>
         <object_component_ref idref="oc-e9"/>
      </symbol>
      <symbol id="sm-13e">
         <name>__mspabi_sral_10</name>
         <value>0xc408</value>
         <object_component_ref idref="oc-e9"/>
      </symbol>
      <symbol id="sm-13f">
         <name>__mspabi_sral_8</name>
         <value>0xc410</value>
         <object_component_ref idref="oc-e9"/>
      </symbol>
      <symbol id="sm-140">
         <name>__mspabi_sral_9</name>
         <value>0xc40c</value>
         <object_component_ref idref="oc-e9"/>
      </symbol>
      <symbol id="sm-141">
         <name>__mspabi_sral_6</name>
         <value>0xc418</value>
         <object_component_ref idref="oc-e9"/>
      </symbol>
      <symbol id="sm-142">
         <name>__mspabi_sral_7</name>
         <value>0xc414</value>
         <object_component_ref idref="oc-e9"/>
      </symbol>
      <symbol id="sm-143">
         <name>__mspabi_sral_4</name>
         <value>0xc420</value>
         <object_component_ref idref="oc-e9"/>
      </symbol>
      <symbol id="sm-144">
         <name>__mspabi_sral_5</name>
         <value>0xc41c</value>
         <object_component_ref idref="oc-e9"/>
      </symbol>
      <symbol id="sm-145">
         <name>__mspabi_sral_2</name>
         <value>0xc428</value>
         <object_component_ref idref="oc-e9"/>
      </symbol>
      <symbol id="sm-146">
         <name>__mspabi_sral_3</name>
         <value>0xc424</value>
         <object_component_ref idref="oc-e9"/>
      </symbol>
      <symbol id="sm-147">
         <name>__mspabi_sral_1</name>
         <value>0xc42c</value>
         <object_component_ref idref="oc-e9"/>
      </symbol>
      <symbol id="sm-155">
         <name>_c_int00_noexit</name>
         <value>0xc560</value>
         <object_component_ref idref="oc-3a"/>
      </symbol>
      <symbol id="sm-156">
         <name>_c_int00</name>
         <value>0xc560</value>
         <object_component_ref idref="oc-3a"/>
      </symbol>
      <symbol id="sm-157">
         <name>_stack</name>
         <value>0x3b0</value>
         <object_component_ref idref="oc-4e"/>
      </symbol>
      <symbol id="sm-158">
         <name>_reset_vector</name>
         <value>0xfffe</value>
         <object_component_ref idref="oc-50"/>
      </symbol>
      <symbol id="sm-16d">
         <name>__TI_decompress_none</name>
         <value>0xc5d0</value>
         <object_component_ref idref="oc-3f"/>
      </symbol>
      <symbol id="sm-18d">
         <name>__TI_decompress_rle24</name>
         <value>0xc620</value>
         <object_component_ref idref="oc-49"/>
      </symbol>
      <symbol id="sm-1a4">
         <name>__TI_zero_init</name>
         <value>0xc5bc</value>
         <object_component_ref idref="oc-44"/>
      </symbol>
      <symbol id="sm-1af">
         <name>__mspabi_remli</name>
         <value>0xc3b4</value>
         <object_component_ref idref="oc-100"/>
      </symbol>
      <symbol id="sm-1b0">
         <name>__mspabi_divli</name>
         <value>0xc3b4</value>
         <object_component_ref idref="oc-100"/>
      </symbol>
      <symbol id="sm-1bd">
         <name>__mspabi_remul</name>
         <value>0xc31c</value>
         <object_component_ref idref="oc-156"/>
      </symbol>
      <symbol id="sm-1be">
         <name>__mspabi_divul</name>
         <value>0xc31c</value>
         <object_component_ref idref="oc-156"/>
      </symbol>
      <symbol id="sm-1c6">
         <name>__mspabi_func_epilog_2</name>
         <value>0xc5fe</value>
         <object_component_ref idref="oc-bb"/>
      </symbol>
      <symbol id="sm-1c7">
         <name>__mspabi_func_epilog_3</name>
         <value>0xc5fc</value>
         <object_component_ref idref="oc-bb"/>
      </symbol>
      <symbol id="sm-1c8">
         <name>__mspabi_func_epilog_1</name>
         <value>0xc600</value>
         <object_component_ref idref="oc-bb"/>
      </symbol>
      <symbol id="sm-1c9">
         <name>__mspabi_func_epilog_6</name>
         <value>0xc5f6</value>
         <object_component_ref idref="oc-bb"/>
      </symbol>
      <symbol id="sm-1ca">
         <name>__mspabi_func_epilog_7</name>
         <value>0xc5f4</value>
         <object_component_ref idref="oc-bb"/>
      </symbol>
      <symbol id="sm-1cb">
         <name>__mspabi_func_epilog_4</name>
         <value>0xc5fa</value>
         <object_component_ref idref="oc-bb"/>
      </symbol>
      <symbol id="sm-1cc">
         <name>__mspabi_func_epilog_5</name>
         <value>0xc5f8</value>
         <object_component_ref idref="oc-bb"/>
      </symbol>
      <symbol id="sm-1d5">
         <name>C$$EXIT</name>
         <value>0xc62a</value>
         <object_component_ref idref="oc-7d"/>
      </symbol>
      <symbol id="sm-1d6">
         <name>abort</name>
         <value>0xc62a</value>
         <object_component_ref idref="oc-7d"/>
      </symbol>
      <symbol id="sm-1d9">
         <name>__TI_int02</name>
         <value>0xffe4</value>
         <object_component_ref idref="oc-2e"/>
      </symbol>
      <symbol id="sm-1dc">
         <name>__TI_int06</name>
         <value>0xffec</value>
         <object_component_ref idref="oc-31"/>
      </symbol>
      <symbol id="sm-1df">
         <name>__TI_int07</name>
         <value>0xffee</value>
         <object_component_ref idref="oc-32"/>
      </symbol>
      <symbol id="sm-1e2">
         <name>__TI_int11</name>
         <value>0xfff6</value>
         <object_component_ref idref="oc-36"/>
      </symbol>
      <symbol id="sm-1e5">
         <name>__TI_int12</name>
         <value>0xfff8</value>
         <object_component_ref idref="oc-37"/>
      </symbol>
      <symbol id="sm-1e8">
         <name>__TI_int13</name>
         <value>0xfffa</value>
         <object_component_ref idref="oc-38"/>
      </symbol>
      <symbol id="sm-1eb">
         <name>__TI_int14</name>
         <value>0xfffc</value>
         <object_component_ref idref="oc-39"/>
      </symbol>
      <symbol id="sm-1f2">
         <name>__TI_ISR_TRAP</name>
         <value>0xc61a</value>
         <object_component_ref idref="oc-51"/>
      </symbol>
      <symbol id="sm-1f9">
         <name>__mspabi_slll_9</name>
         <value>0xc44a</value>
         <object_component_ref idref="oc-115"/>
      </symbol>
      <symbol id="sm-1fa">
         <name>__mspabi_slll_8</name>
         <value>0xc44e</value>
         <object_component_ref idref="oc-115"/>
      </symbol>
      <symbol id="sm-1fb">
         <name>__mspabi_slll_7</name>
         <value>0xc452</value>
         <object_component_ref idref="oc-115"/>
      </symbol>
      <symbol id="sm-1fc">
         <name>__mspabi_slll_6</name>
         <value>0xc456</value>
         <object_component_ref idref="oc-115"/>
      </symbol>
      <symbol id="sm-1fd">
         <name>__mspabi_slll_5</name>
         <value>0xc45a</value>
         <object_component_ref idref="oc-115"/>
      </symbol>
      <symbol id="sm-1fe">
         <name>__mspabi_slll_4</name>
         <value>0xc45e</value>
         <object_component_ref idref="oc-115"/>
      </symbol>
      <symbol id="sm-1ff">
         <name>__mspabi_slll_3</name>
         <value>0xc462</value>
         <object_component_ref idref="oc-115"/>
      </symbol>
      <symbol id="sm-200">
         <name>__mspabi_slll_2</name>
         <value>0xc466</value>
         <object_component_ref idref="oc-115"/>
      </symbol>
      <symbol id="sm-201">
         <name>__mspabi_slll_1</name>
         <value>0xc46a</value>
         <object_component_ref idref="oc-115"/>
      </symbol>
      <symbol id="sm-202">
         <name>__mspabi_slll_15</name>
         <value>0xc432</value>
         <object_component_ref idref="oc-115"/>
      </symbol>
      <symbol id="sm-203">
         <name>__mspabi_slll_14</name>
         <value>0xc436</value>
         <object_component_ref idref="oc-115"/>
      </symbol>
      <symbol id="sm-204">
         <name>__mspabi_slll_13</name>
         <value>0xc43a</value>
         <object_component_ref idref="oc-115"/>
      </symbol>
      <symbol id="sm-205">
         <name>__mspabi_slll_12</name>
         <value>0xc43e</value>
         <object_component_ref idref="oc-115"/>
      </symbol>
      <symbol id="sm-206">
         <name>__mspabi_slll_11</name>
         <value>0xc442</value>
         <object_component_ref idref="oc-115"/>
      </symbol>
      <symbol id="sm-207">
         <name>__mspabi_slll_10</name>
         <value>0xc446</value>
         <object_component_ref idref="oc-115"/>
      </symbol>
      <symbol id="sm-214">
         <name>memcpy</name>
         <value>0xc5e2</value>
         <object_component_ref idref="oc-83"/>
      </symbol>
      <symbol id="sm-21d">
         <name>__mspabi_mpyl</name>
         <value>0xc4e4</value>
         <object_component_ref idref="oc-fc"/>
      </symbol>
      <symbol id="sm-225">
         <name>_system_pre_init</name>
         <value>0xc626</value>
         <object_component_ref idref="oc-6e"/>
      </symbol>
      <symbol id="sm-23c">
         <name>_auto_init</name>
         <value>0xc20a</value>
         <object_component_ref idref="oc-73"/>
      </symbol>
      <symbol id="sm-23d">
         <name>__TI_exit</name>
         <value>0x1</value>
      </symbol>
      <symbol id="sm-23e">
         <name>__TI_args_main</name>
         <value>0x1</value>
      </symbol>
      <symbol id="sm-23f">
         <name>__TI_INITARRAY_Base</name>
         <value>0x0</value>
      </symbol>
      <symbol id="sm-240">
         <name>__TI_INITARRAY_Limit</name>
         <value>0x0</value>
      </symbol>
   </symbol_table>
   <title>Link successful</title>
</link_info>
